<html>
<body>
<pre>
<h1>礦ision Build Log</h1>
<h2>Project:</h2>
E:\STM32\野火 ISO-MINI -V2光盘资料\C盘\02-野火ISO-MINI 程序\02-野火ISO-MINI-V2 程序\8、串口通信\printf（interrupt）\Project\RVMDK（uv4）\iSO-STM32.uvproj
Project File Date:  10/09/2016

<h2>Output:</h2>
Build target 'USART1（interrupt）'
linking...
Program Size: Code=8556 RO-data=336 RW-data=76 ZI-data=1228  
FromELF: creating hex file...
"..\..\Output\Template.axf" - 0 Errors, 0 Warning(s).
Rebuild target 'USART1（interrupt）'
assembling startup_stm32f10x_hd.s...
compiling core_cm3.c...
compiling system_stm32f10x.c...
compiling misc.c...
compiling stm32f10x_adc.c...
compiling stm32f10x_bkp.c...
compiling stm32f10x_can.c...
compiling stm32f10x_cec.c...
compiling stm32f10x_crc.c...
compiling stm32f10x_dac.c...
compiling stm32f10x_dbgmcu.c...
compiling stm32f10x_dma.c...
compiling stm32f10x_exti.c...
compiling stm32f10x_flash.c...
compiling stm32f10x_fsmc.c...
compiling stm32f10x_gpio.c...
compiling stm32f10x_i2c.c...
compiling stm32f10x_iwdg.c...
compiling stm32f10x_pwr.c...
compiling stm32f10x_rcc.c...
compiling stm32f10x_rtc.c...
compiling stm32f10x_sdio.c...
compiling stm32f10x_spi.c...
compiling stm32f10x_tim.c...
compiling stm32f10x_usart.c...
compiling stm32f10x_wwdg.c...
compiling main.c...
..\..\User\main.c(91): warning:  #2748-D: null argument provided for parameter marked with attribute "nonnull"
compiling stm32f10x_it.c...
compiling bsp_usart1.c...
compiling demo.c...
compiling bsp_SysTick.c...
compiling bsp_led.c...
linking...
Program Size: Code=8556 RO-data=336 RW-data=76 ZI-data=1228  
FromELF: creating hex file...
"..\..\Output\Template.axf" - 0 Errors, 1 Warning(s).
