<html>
<body>
<pre>
<h1>礦ision Build Log</h1>
<h2>Project:</h2>
E:\STM32\野火 ISO-MINI -V2光盘资料\C盘\02-野火ISO-MINI 程序\02-野火ISO-MINI-V2 程序\8、串口通信\printf（interrupt）\Project\RVMDK（uv4）\iSO-STM32.uvproj
Project File Date:  10/08/2016

<h2>Output:</h2>
Build target 'USART1（interrupt）'
compiling main.c...
linking...
Program Size: Code=5556 RO-data=416 RW-data=44 ZI-data=1028  
FromELF: creating hex file...
"..\..\Output\Template.axf" - 0 Error(s), 0 Warning(s).
Load "..\\..\\Output\\Template.axf" 
Erase Done.
Programming Done.
Verify OK.
Application running ...
</pre>
</body>
</html>
...
compiling stm32f10x_exti.c...
compiling stm32f10x_flash.c...
compiling stm32f10x_fsmc.c...
compiling stm32f10x_gpio.c...
compiling stm32f10x_i2c.c...
compiling stm32f10x_iwdg.c...
compiling stm32f10x_pwr.c...
compiling stm32f10x_rcc.c...
compiling stm32f10x_rtc.c...
compiling stm32f10x_sdio.c...
compiling stm32f10x_spi.c...
compiling stm32f10x_tim.c...
compiling stm32f10x_usart.c...
compiling stm32f10x_wwdg.c...
compiling main.c...
compiling stm32f10x_it.c...
compiling bsp_usart1.c...
compiling demo.c...
..\..\User\demo.c(114): warning:  #940-D: missing return statement at end of non-void function "valueToHex"
  }
..\..\User\demo.c: 1 warning, 0 errors
compiling bsp_SysTick.c...
compiling bsp_led.c...
linking...
Program Size: Code=5500 RO-data=416 RW-data=44 ZI-data=1028  
FromELF: creating hex file...
"..\..\Output\Template.axf" - 0 Error(s), 1 Warning(s).
